// Jest Snapshot v1, https://goo.gl/fbAQLP

exports[`Divider component should render fine 1`] = `
<View
  style={
    Array [
      Object {
        "backgroundColor": "#CECECE",
        "height": 10,
        "width": "100%",
      },
      undefined,
    ]
  }
/>
`;
