// Jest Snapshot v1, https://goo.gl/fbAQLP

exports[`Map screen should render fine 1`] = `
<Fragment>
  <Header
    title="Map"
  />
  <View
    style={
      Object {
        "alignItems": "center",
        "flex": 1,
        "justifyContent": "center",
      }
    }
  >
    <MapView
      provider="google"
      region={
        Object {
          "latitude": 37.7825259,
          "latitudeDelta": 0.09,
          "longitude": -122.345453,
          "longitudeDelta": 0.035,
        }
      }
      showsUserLocation={true}
      style={
        Object {
          "height": "100%",
          "width": "100%",
        }
      }
    >
      <MapMarker
        coordinate={
          Object {
            "latitude": 37.782529,
            "longitude": -122.34453,
          }
        }
        stopPropagation={false}
      >
        <MapCallout
          alphaHitTest={false}
          tooltip={false}
        >
          <Text>
            You are here!
          </Text>
        </MapCallout>
      </MapMarker>
    </MapView>
  </View>
</Fragment>
`;
