// Jest Snapshot v1, https://goo.gl/fbAQLP

exports[`ModalView component should render fine 1`] = `
<Component
  animationType="slide"
  hardwareAccelerated={false}
  transparent={true}
  visible={false}
>
  <View
    style={
      Object {
        "alignItems": "center",
        "flex": 1,
        "justifyContent": "center",
        "marginTop": 32,
      }
    }
  >
    <View
      style={
        Object {
          "alignItems": "center",
          "backgroundColor": "white",
          "borderRadius": 10,
          "elevation": 5,
          "height": 200,
          "justifyContent": "space-evenly",
          "shadowColor": "#000000",
          "shadowOffset": Object {
            "height": 2,
            "width": 0,
          },
          "shadowOpacity": 0.25,
          "shadowRadius": 3.84,
          "width": "80%",
        }
      }
    >
      <Text
        style={
          Object {
            "fontFamily": "Roboto-Medium",
            "fontSize": 20,
            "textAlign": "center",
          }
        }
      >
        Title
      </Text>
      <Text
        style={
          Object {
            "fontFamily": "Roboto-Regular",
            "fontSize": 18,
            "textAlign": "center",
          }
        }
      >
        Description
      </Text>
      <Button
        onPress={[Function]}
        title="OK"
      />
    </View>
  </View>
</Component>
`;
