// Jest Snapshot v1, https://goo.gl/fbAQLP

exports[`Login screen should render fine 1`] = `undefined`;
